2025-10-22 22:26:07,489 - ERROR - Failed to process MySQL table healthcare_dataset: Erreur lors de l'écriture dans HDFS : Cannot delete /dataflow360/raw/mysql_healthcare_dataset.csv. Name node is in safe mode.
The reported blocks 5 has reached the threshold 0.9990 of total blocks 5. The minimum number of live datanodes is not required. In safe mode extension. Safe mode will be turned off automatically in 0 seconds. NamenodeHostName:namenode
2025-10-22 22:38:34,143 - ERROR - Failed to process MySQL table healthcare_dataset: Erreur lors de l'écriture dans HDFS : Cannot delete /dataflow360/raw/mysql_healthcare_dataset.csv. Name node is in safe mode.
The reported blocks 5 has reached the threshold 0.9990 of total blocks 5. The minimum number of live datanodes is not required. In safe mode extension. Safe mode will be turned off automatically in 0 seconds. NamenodeHostName:namenode
2025-10-22 22:46:29,712 - ERROR - Failed to process MySQL table healthcare_dataset: Erreur lors de l'écriture dans HDFS : Cannot delete /dataflow360/raw/mysql_healthcare_dataset.csv. Name node is in safe mode.
The reported blocks 23 has reached the threshold 0.9990 of total blocks 23. The minimum number of live datanodes is not required. In safe mode extension. Safe mode will be turned off automatically in 1 seconds. NamenodeHostName:namenode
2025-10-23 02:07:59,728 - ERROR - Failed to connect to MySQL: (pymysql.err.OperationalError) (2003, "Can't connect to MySQL server on 'dataflow360_mysql' ([Errno -3] Temporary failure in name resolution)")
(Background on this error at: https://sqlalche.me/e/20/e3q8)
2025-10-23 02:07:59,833 - ERROR - Failed to connect to PostgreSQL: (psycopg2.OperationalError) could not translate host name "dataflow360_postgres" to address: Temporary failure in name resolution

(Background on this error at: https://sqlalche.me/e/20/e3q8)
2025-10-23 02:08:30,105 - ERROR - Failed to connect to MongoDB: dataflow360_mongo:27017: [Errno -3] Temporary failure in name resolution (configured timeouts: socketTimeoutMS: 20000.0ms, connectTimeoutMS: 20000.0ms), Timeout: 30s, Topology Description: <TopologyDescription id: 68f98dffa5bfa5336f5027e0, topology_type: Unknown, servers: [<ServerDescription ('dataflow360_mongo', 27017) server_type: Unknown, rtt: None, error=AutoReconnect('dataflow360_mongo:27017: [Errno -3] Temporary failure in name resolution (configured timeouts: socketTimeoutMS: 20000.0ms, connectTimeoutMS: 20000.0ms)')>]>
2025-10-23 02:37:54,305 - ERROR - Failed to connect to MySQL: (pymysql.err.OperationalError) (2003, "Can't connect to MySQL server on 'dataflow360_mysql' ([Errno -3] Temporary failure in name resolution)")
(Background on this error at: https://sqlalche.me/e/20/e3q8)
2025-10-23 02:37:54,468 - ERROR - Failed to connect to PostgreSQL: (psycopg2.OperationalError) could not translate host name "dataflow360_postgres" to address: Temporary failure in name resolution

(Background on this error at: https://sqlalche.me/e/20/e3q8)
2025-10-23 02:38:24,779 - ERROR - Failed to connect to MongoDB: dataflow360_mongo:27017: [Errno -3] Temporary failure in name resolution (configured timeouts: socketTimeoutMS: 20000.0ms, connectTimeoutMS: 20000.0ms), Timeout: 30s, Topology Description: <TopologyDescription id: 68f99502c6ef4e240430396b, topology_type: Unknown, servers: [<ServerDescription ('dataflow360_mongo', 27017) server_type: Unknown, rtt: None, error=AutoReconnect('dataflow360_mongo:27017: [Errno -3] Temporary failure in name resolution (configured timeouts: socketTimeoutMS: 20000.0ms, connectTimeoutMS: 20000.0ms)')>]>
2025-10-23 02:44:44,710 - ERROR - Failed to connect to MySQL: (pymysql.err.OperationalError) (2003, "Can't connect to MySQL server on 'dataflow360_mysql' ([Errno -3] Temporary failure in name resolution)")
(Background on this error at: https://sqlalche.me/e/20/e3q8)
2025-10-23 02:44:44,832 - ERROR - Failed to connect to PostgreSQL: (psycopg2.OperationalError) could not translate host name "dataflow360_postgres" to address: Temporary failure in name resolution

(Background on this error at: https://sqlalche.me/e/20/e3q8)
2025-10-23 02:45:15,144 - ERROR - Failed to connect to MongoDB: dataflow360_mongo:27017: [Errno -3] Temporary failure in name resolution (configured timeouts: socketTimeoutMS: 20000.0ms, connectTimeoutMS: 20000.0ms), Timeout: 30s, Topology Description: <TopologyDescription id: 68f9969c6402791cf29b29f1, topology_type: Unknown, servers: [<ServerDescription ('dataflow360_mongo', 27017) server_type: Unknown, rtt: None, error=AutoReconnect('dataflow360_mongo:27017: [Errno -3] Temporary failure in name resolution (configured timeouts: socketTimeoutMS: 20000.0ms, connectTimeoutMS: 20000.0ms)')>]>
2025-11-01 19:01:35,366 - ERROR - Failed to process MySQL table healthcare_dataset: Erreur lors de l'écriture dans HDFS : Cannot delete /dataflow360/raw/mysql_healthcare_dataset.csv. Name node is in safe mode.
The reported blocks 121 has reached the threshold 0.9990 of total blocks 121. The minimum number of live datanodes is not required. In safe mode extension. Safe mode will be turned off automatically in 7 seconds. NamenodeHostName:namenode
2025-11-03 17:52:33,755 - ERROR - Failed to process MySQL table healthcare_dataset: Erreur lors de l'écriture dans HDFS : Cannot delete /dataflow360/raw/mysql_healthcare_dataset.csv. Name node is in safe mode.
The reported blocks 240 has reached the threshold 0.9990 of total blocks 240. The minimum number of live datanodes is not required. In safe mode extension. Safe mode will be turned off automatically in 2 seconds. NamenodeHostName:namenode
2025-11-03 18:11:24,442 - ERROR - Failed to process MySQL table healthcare_dataset: Erreur lors de l'écriture dans HDFS : Cannot delete /dataflow360/raw/mysql_healthcare_dataset.csv. Name node is in safe mode.
The reported blocks 1036 has reached the threshold 0.9990 of total blocks 1036. The minimum number of live datanodes is not required. In safe mode extension. Safe mode will be turned off automatically in 4 seconds. NamenodeHostName:namenode
2025-11-03 18:24:05,001 - ERROR - Failed to process MySQL table healthcare_dataset: Erreur lors de l'écriture dans HDFS : Cannot delete /dataflow360/raw/mysql_healthcare_dataset.csv. Name node is in safe mode.
The reported blocks 1240 has reached the threshold 0.9990 of total blocks 1240. The minimum number of live datanodes is not required. In safe mode extension. Safe mode will be turned off automatically in 7 seconds. NamenodeHostName:namenode
2025-11-03 19:00:40,524 - ERROR - Failed to process MySQL table healthcare_dataset: Erreur lors de l'écriture dans HDFS : Cannot delete /dataflow360/raw/mysql_healthcare_dataset.csv. Name node is in safe mode.
The reported blocks 1260 has reached the threshold 0.9990 of total blocks 1260. The minimum number of live datanodes is not required. In safe mode extension. Safe mode will be turned off automatically in 3 seconds. NamenodeHostName:namenode
2025-11-03 19:16:09,885 - ERROR - Failed to process MySQL table healthcare_dataset: Erreur lors de l'écriture dans HDFS : Cannot delete /dataflow360/raw/mysql_healthcare_dataset.csv. Name node is in safe mode.
The reported blocks 1346 has reached the threshold 0.9990 of total blocks 1346. The minimum number of live datanodes is not required. In safe mode extension. Safe mode will be turned off automatically in 4 seconds. NamenodeHostName:namenode
2025-11-03 19:23:41,421 - ERROR - Failed to process MySQL table healthcare_dataset: Erreur lors de l'écriture dans HDFS : Cannot delete /dataflow360/raw/mysql_healthcare_dataset.csv. Name node is in safe mode.
The reported blocks 1400 has reached the threshold 0.9990 of total blocks 1400. The minimum number of live datanodes is not required. In safe mode extension. Safe mode will be turned off automatically in 2 seconds. NamenodeHostName:namenode
2025-11-03 19:28:28,819 - ERROR - Failed to process MySQL table healthcare_dataset: Erreur lors de l'écriture dans HDFS : Cannot delete /dataflow360/raw/mysql_healthcare_dataset.csv. Name node is in safe mode.
The reported blocks 1403 has reached the threshold 0.9990 of total blocks 1403. The minimum number of live datanodes is not required. In safe mode extension. Safe mode will be turned off automatically in 1 seconds. NamenodeHostName:namenode
2025-11-04 10:21:41,995 - ERROR - Failed to process MySQL table healthcare_dataset: Erreur lors de l'écriture dans HDFS : Cannot delete /dataflow360/raw/mysql_healthcare_dataset.csv. Name node is in safe mode.
The reported blocks 1510 has reached the threshold 0.9990 of total blocks 1510. The minimum number of live datanodes is not required. In safe mode extension. Safe mode will be turned off automatically in 0 seconds. NamenodeHostName:namenode
